Archive member included to satisfy reference by file (symbol)

/Applications/STM32CubeIDE.app/Contents/Eclipse/plugins/com.st.stm32cube.ide.mcu.externaltools.gnu-tools-for-stm32.12.3.rel1.macos64_1.0.200.202406191456/tools/bin/../lib/gcc/arm-none-eabi/12.3.1/../../../../arm-none-eabi/lib/thumb/v7-m/nofp/libc_nano.a(libc_a-exit.o)
                              /Applications/STM32CubeIDE.app/Contents/Eclipse/plugins/com.st.stm32cube.ide.mcu.externaltools.gnu-tools-for-stm32.12.3.rel1.macos64_1.0.200.202406191456/tools/bin/../lib/gcc/arm-none-eabi/12.3.1/../../../../arm-none-eabi/lib/thumb/v7-m/nofp/crt0.o (exit)
/Applications/STM32CubeIDE.app/Contents/Eclipse/plugins/com.st.stm32cube.ide.mcu.externaltools.gnu-tools-for-stm32.12.3.rel1.macos64_1.0.200.202406191456/tools/bin/../lib/gcc/arm-none-eabi/12.3.1/../../../../arm-none-eabi/lib/thumb/v7-m/nofp/libc_nano.a(libc_a-findfp.o)
                              /Applications/STM32CubeIDE.app/Contents/Eclipse/plugins/com.st.stm32cube.ide.mcu.externaltools.gnu-tools-for-stm32.12.3.rel1.macos64_1.0.200.202406191456/tools/bin/../lib/gcc/arm-none-eabi/12.3.1/../../../../arm-none-eabi/lib/thumb/v7-m/nofp/libc_nano.a(libc_a-exit.o) (__stdio_exit_handler)
/Applications/STM32CubeIDE.app/Contents/Eclipse/plugins/com.st.stm32cube.ide.mcu.externaltools.gnu-tools-for-stm32.12.3.rel1.macos64_1.0.200.202406191456/tools/bin/../lib/gcc/arm-none-eabi/12.3.1/../../../../arm-none-eabi/lib/thumb/v7-m/nofp/libc_nano.a(libc_a-fwalk.o)
                              /Applications/STM32CubeIDE.app/Contents/Eclipse/plugins/com.st.stm32cube.ide.mcu.externaltools.gnu-tools-for-stm32.12.3.rel1.macos64_1.0.200.202406191456/tools/bin/../lib/gcc/arm-none-eabi/12.3.1/../../../../arm-none-eabi/lib/thumb/v7-m/nofp/libc_nano.a(libc_a-findfp.o) (_fwalk_sglue)
/Applications/STM32CubeIDE.app/Contents/Eclipse/plugins/com.st.stm32cube.ide.mcu.externaltools.gnu-tools-for-stm32.12.3.rel1.macos64_1.0.200.202406191456/tools/bin/../lib/gcc/arm-none-eabi/12.3.1/../../../../arm-none-eabi/lib/thumb/v7-m/nofp/libc_nano.a(libc_a-memset.o)
                              /Applications/STM32CubeIDE.app/Contents/Eclipse/plugins/com.st.stm32cube.ide.mcu.externaltools.gnu-tools-for-stm32.12.3.rel1.macos64_1.0.200.202406191456/tools/bin/../lib/gcc/arm-none-eabi/12.3.1/../../../../arm-none-eabi/lib/thumb/v7-m/nofp/crt0.o (memset)
/Applications/STM32CubeIDE.app/Contents/Eclipse/plugins/com.st.stm32cube.ide.mcu.externaltools.gnu-tools-for-stm32.12.3.rel1.macos64_1.0.200.202406191456/tools/bin/../lib/gcc/arm-none-eabi/12.3.1/../../../../arm-none-eabi/lib/thumb/v7-m/nofp/libc_nano.a(libc_a-impure.o)
                              /Applications/STM32CubeIDE.app/Contents/Eclipse/plugins/com.st.stm32cube.ide.mcu.externaltools.gnu-tools-for-stm32.12.3.rel1.macos64_1.0.200.202406191456/tools/bin/../lib/gcc/arm-none-eabi/12.3.1/../../../../arm-none-eabi/lib/thumb/v7-m/nofp/libc_nano.a(libc_a-findfp.o) (_impure_data)
/Applications/STM32CubeIDE.app/Contents/Eclipse/plugins/com.st.stm32cube.ide.mcu.externaltools.gnu-tools-for-stm32.12.3.rel1.macos64_1.0.200.202406191456/tools/bin/../lib/gcc/arm-none-eabi/12.3.1/../../../../arm-none-eabi/lib/thumb/v7-m/nofp/libc_nano.a(libc_a-errno.o)
                              ./Core/Src/syscalls.o (__errno)
/Applications/STM32CubeIDE.app/Contents/Eclipse/plugins/com.st.stm32cube.ide.mcu.externaltools.gnu-tools-for-stm32.12.3.rel1.macos64_1.0.200.202406191456/tools/bin/../lib/gcc/arm-none-eabi/12.3.1/../../../../arm-none-eabi/lib/thumb/v7-m/nofp/libc_nano.a(libc_a-init.o)
                              /Applications/STM32CubeIDE.app/Contents/Eclipse/plugins/com.st.stm32cube.ide.mcu.externaltools.gnu-tools-for-stm32.12.3.rel1.macos64_1.0.200.202406191456/tools/bin/../lib/gcc/arm-none-eabi/12.3.1/../../../../arm-none-eabi/lib/thumb/v7-m/nofp/crt0.o (__libc_init_array)
/Applications/STM32CubeIDE.app/Contents/Eclipse/plugins/com.st.stm32cube.ide.mcu.externaltools.gnu-tools-for-stm32.12.3.rel1.macos64_1.0.200.202406191456/tools/bin/../lib/gcc/arm-none-eabi/12.3.1/../../../../arm-none-eabi/lib/thumb/v7-m/nofp/libc_nano.a(libc_a-lock.o)
                              /Applications/STM32CubeIDE.app/Contents/Eclipse/plugins/com.st.stm32cube.ide.mcu.externaltools.gnu-tools-for-stm32.12.3.rel1.macos64_1.0.200.202406191456/tools/bin/../lib/gcc/arm-none-eabi/12.3.1/../../../../arm-none-eabi/lib/thumb/v7-m/nofp/libc_nano.a(libc_a-findfp.o) (__retarget_lock_init_recursive)
/Applications/STM32CubeIDE.app/Contents/Eclipse/plugins/com.st.stm32cube.ide.mcu.externaltools.gnu-tools-for-stm32.12.3.rel1.macos64_1.0.200.202406191456/tools/bin/../lib/gcc/arm-none-eabi/12.3.1/../../../../arm-none-eabi/lib/thumb/v7-m/nofp/libc_nano.a(libc_a-mallocr.o)
[...]
Memory Configuration

Name             Origin             Length             Attributes
RAM              0x20000000         0x0000c000         xrw
FLASH            0x08000000         0x00040000         xr
*default*        0x00000000         0xffffffff

Linker script and memory map

LOAD /Applications/STM32CubeIDE.app/Contents/Eclipse/plugins/com.st.stm32cube.ide.mcu.externaltools.gnu-tools-for-stm32.12.3.rel1.macos64_1.0.200.202406191456/tools/bin/../lib/gcc/arm-none-eabi/12.3.1/thumb/v7-m/nofp/crti.o
LOAD /Applications/STM32CubeIDE.app/Contents/Eclipse/plugins/com.st.stm32cube.ide.mcu.externaltools.gnu-tools-for-stm32.12.3.rel1.macos64_1.0.200.202406191456/tools/bin/../lib/gcc/arm-none-eabi/12.3.1/thumb/v7-m/nofp/crtbegin.o
LOAD /Applications/STM32CubeIDE.app/Contents/Eclipse/plugins/com.st.stm32cube.ide.mcu.externaltools.gnu-tools-for-stm32.12.3.rel1.macos64_1.0.200.202406191456/tools/bin/../lib/gcc/arm-none-eabi/12.3.1/../../../../arm-none-eabi/lib/thumb/v7-m/nofp/crt0.o
LOAD ./Core/Src/main.o
LOAD ./Core/Src/stm32f1xx_hal_msp.o
LOAD ./Core/Src/stm32f1xx_it.o
LOAD ./Core/Src/syscalls.o
LOAD ./Core/Src/sysmem.o
LOAD ./Core/Src/system_stm32f1xx.o
LOAD ./Core/Startup/startup_stm32f103rctx.o
LOAD ./Drivers/STM32F1xx_HAL_Driver/Src/stm32f1xx_hal.o
LOAD ./Drivers/STM32F1xx_HAL_Driver/Src/stm32f1xx_hal_can.o
LOAD ./Drivers/STM32F1xx_HAL_Driver/Src/stm32f1xx_hal_cortex.o
LOAD ./Drivers/STM32F1xx_HAL_Driver/Src/stm32f1xx_hal_dma.o
LOAD ./Drivers/STM32F1xx_HAL_Driver/Src/stm32f1xx_hal_exti.o
LOAD ./Drivers/STM32F1xx_HAL_Driver/Src/stm32f1xx_hal_flash.o
LOAD ./Drivers/STM32F1xx_HAL_Driver/Src/stm32f1xx_hal_flash_ex.o
LOAD ./Drivers/STM32F1xx_HAL_Driver/Src/stm32f1xx_hal_gpio.o
LOAD ./Drivers/STM32F1xx_HAL_Driver/Src/stm32f1xx_hal_gpio_ex.o
LOAD ./Drivers/STM32F1xx_HAL_Driver/Src/stm32f1xx_hal_i2c.o
LOAD ./Drivers/STM32F1xx_HAL_Driver/Src/stm32f1xx_hal_pwr.o
LOAD ./Drivers/STM32F1xx_HAL_Driver/Src/stm32f1xx_hal_rcc.o
LOAD ./Drivers/STM32F1xx_HAL_Driver/Src/stm32f1xx_hal_rcc_ex.o
LOAD ./Drivers/STM32F1xx_HAL_Driver/Src/stm32f1xx_hal_tim.o
LOAD ./Drivers/STM32F1xx_HAL_Driver/Src/stm32f1xx_hal_tim_ex.o
LOAD ./Drivers/STM32F1xx_HAL_Driver/Src/stm32f1xx_hal_uart.o
START GROUP
LOAD /Applications/STM32CubeIDE.app/Contents/Eclipse/plugins/com.st.stm32cube.ide.mcu.externaltools.gnu-tools-for-stm32.12.3.rel1.macos64_1.0.200.202406191456/tools/bin/../lib/gcc/arm-none-eabi/12.3.1/../../../../arm-none-eabi/lib/thumb/v7-m/nofp/libc_nano.a
LOAD /Applications/STM32CubeIDE.app/Contents/Eclipse/plugins/com.st.stm32cube.ide.mcu.externaltools.gnu-tools-for-stm32.12.3.rel1.macos64_1.0.200.202406191456/tools/bin/../lib/gcc/arm-none-eabi/12.3.1/../../../../arm-none-eabi/lib/thumb/v7-m/nofp/libm.a
END GROUP
START GROUP
LOAD /Applications/STM32CubeIDE.app/Contents/Eclipse/plugins/com.st.stm32cube.ide.mcu.externaltools.gnu-tools-for-stm32.12.3.rel1.macos64_1.0.200.202406191456/tools/bin/../lib/gcc/arm-none-eabi/12.3.1/thumb/v7-m/nofp/libgcc.a
LOAD /Applications/STM32CubeIDE.app/Contents/Eclipse/plugins/com.st.stm32cube.ide.mcu.externaltools.gnu-tools-for-stm32.12.3.rel1.macos64_1.0.200.202406191456/tools/bin/../lib/gcc/arm-none-eabi/12.3.1/../../../../arm-none-eabi/lib/thumb/v7-m/nofp/libc_nano.a
END GROUP
START GROUP
LOAD /Applications/STM32CubeIDE.app/Contents/Eclipse/plugins/com.st.stm32cube.ide.mcu.externaltools.gnu-tools-for-stm32.12.3.rel1.macos64_1.0.200.202406191456/tools/bin/../lib/gcc/arm-none-eabi/12.3.1/thumb/v7-m/nofp/libgcc.a
LOAD /Applications/STM32CubeIDE.app/Contents/Eclipse/plugins/com.st.stm32cube.ide.mcu.externaltools.gnu-tools-for-stm32.12.3.rel1.macos64_1.0.200.202406191456/tools/bin/../lib/gcc/arm-none-eabi/12.3.1/../../../../arm-none-eabi/lib/thumb/v7-m/nofp/libc_nano.a
LOAD /Applications/STM32CubeIDE.app/Contents/Eclipse/plugins/com.st.stm32cube.ide.mcu.externaltools.gnu-tools-for-stm32.12.3.rel1.macos64_1.0.200.202406191456/tools/bin/../lib/gcc/arm-none-eabi/12.3.1/../../../../arm-none-eabi/lib/thumb/v7-m/nofp/libnosys.a
END GROUP
START GROUP
LOAD /Applications/STM32CubeIDE.app/Contents/Eclipse/plugins/com.st.stm32cube.ide.mcu.externaltools.gnu-tools-for-stm32.12.3.rel1.macos64_1.0.200.202406191456/tools/bin/../lib/gcc/arm-none-eabi/12.3.1/thumb/v7-m/nofp/libgcc.a
LOAD /Applications/STM32CubeIDE.app/Contents/Eclipse/plugins/com.st.stm32cube.ide.mcu.externaltools.gnu-tools-for-stm32.12.3.rel1.macos64_1.0.200.202406191456/tools/bin/../lib/gcc/arm-none-eabi/12.3.1/../../../../arm-none-eabi/lib/thumb/v7-m/nofp/libc_nano.a
LOAD /Applications/STM32CubeIDE.app/Contents/Eclipse/plugins/com.st.stm32cube.ide.mcu.externaltools.gnu-tools-for-stm32.12.3.rel1.macos64_1.0.200.202406191456/tools/bin/../lib/gcc/arm-none-eabi/12.3.1/../../../../arm-none-eabi/lib/thumb/v7-m/nofp/libnosys.a
END GROUP
LOAD /Applications/STM32CubeIDE.app/Contents/Eclipse/plugins/com.st.stm32cube.ide.mcu.externaltools.gnu-tools-for-stm32.12.3.rel1.macos64_1.0.200.202406191456/tools/bin/../lib/gcc/arm-none-eabi/12.3.1/thumb/v7-m/nofp/crtend.o
LOAD /Applications/STM32CubeIDE.app/Contents/Eclipse/plugins/com.st.stm32cube.ide.mcu.externaltools.gnu-tools-for-stm32.12.3.rel1.macos64_1.0.200.202406191456/tools/bin/../lib/gcc/arm-none-eabi/12.3.1/thumb/v7-m/nofp/crtn.o
                0x2000c000                        _estack = (ORIGIN (RAM) + LENGTH (RAM))
                0x00000200                        _Min_Heap_Size = 0x200
                0x00000400                        _Min_Stack_Size = 0x400

.isr_vector     0x08000000      0x1e4
                0x08000000                        . = ALIGN (0x4)
 *(.isr_vector)
 .isr_vector    0x08000000      0x1e4 ./Core/Startup/startup_stm32f103rctx.o
                0x08000000                g_pfnVectors
                0x080001e4                        . = ALIGN (0x4)

.text           0x080001e4     0x1ee0
                0x080001e4                        . = ALIGN (0x4)
 *(.text)
 .text          0x080001e4       0x40 /Applications/STM32CubeIDE.app/Contents/Eclipse/plugins/com.st.stm32cube.ide.mcu.externaltools.gnu-tools-for-stm32.12.3.rel1.macos64_1.0.200.202406191456/tools/bin/../lib/gcc/arm-none-eabi/12.3.1/thumb/v7-m/nofp/crtbegin.o
 *(.text*)
 .text.main     0x08000224       0x1c ./Core/Src/main.o
                0x08000224                main
 .text.SystemClock_Config
                0x08000240       0x8a ./Core/Src/main.o
                0x08000240                SystemClock_Config
 *fill*         0x080002ca        0x2 
 .text.MX_USART1_UART_Init
                0x080002cc       0x54 ./Core/Src/main.o
 .text.Error_Handler
                0x08000320        0xc ./Core/Src/main.o
                0x08000320                Error_Handler
 .text.HAL_MspInit
                0x0800032c       0x64 ./Core/Src/stm32f1xx_hal_msp.o
                0x0800032c                HAL_MspInit
 .text.HAL_UART_MspInit
                0x08000390       0xa8 ./Core/Src/stm32f1xx_hal_msp.o
                0x08000390                HAL_UART_MspInit
 .text.NMI_Handler
                0x08000438        0x8 ./Core/Src/stm32f1xx_it.o
                0x08000438                NMI_Handler
 .text.HardFault_Handler
                0x08000440        0x8 ./Core/Src/stm32f1xx_it.o
                0x08000440                HardFault_Handler
 .text.MemManage_Handler
                0x08000448        0x8 ./Core/Src/stm32f1xx_it.o
                0x08000448                MemManage_Handler
 .text.BusFault_Handler
                0x08000450        0x8 ./Core/Src/stm32f1xx_it.o
                0x08000450                BusFault_Handler
 .text.UsageFault_Handler
                0x08000458        0x8 ./Core/Src/stm32f1xx_it.o
                0x08000458                UsageFault_Handler
 .text.SVC_Handler
                0x08000460        0xc ./Core/Src/stm32f1xx_it.o
                0x08000460                SVC_Handler
 .text.DebugMon_Handler
                0x0800046c        0xc ./Core/Src/stm32f1xx_it.o
                0x0800046c                DebugMon_Handler
 .text.PendSV_Handler
                0x08000478        0xc ./Core/Src/stm32f1xx_it.o
                0x08000478                PendSV_Handler
 .text.SysTick_Handler
                0x08000484        0xc ./Core/Src/stm32f1xx_it.o
                0x08000484                SysTick_Handler
 .text.USART1_IRQHandler
                0x08000490       0x14 ./Core/Src/stm32f1xx_it.o
                0x08000490                USART1_IRQHandler
 .text.SystemInit
                0x080004a4        0xc ./Core/Src/system_stm32f1xx.o
                0x080004a4                SystemInit
 .text.Reset_Handler
                0x080004b0       0x48 ./Core/Startup/startup_stm32f103rctx.o
                0x080004b0                Reset_Handler
 .text.Default_Handler
                0x080004f8        0x2 ./Core/Startup/startup_stm32f103rctx.o
                0x080004f8                DMA2_Channel3_IRQHandler
                0x080004f8                EXTI2_IRQHandler
                0x080004f8                TIM8_TRG_COM_IRQHandler
                0x080004f8                TIM8_CC_IRQHandler
                0x080004f8                TIM1_CC_IRQHandler
                0x080004f8                TIM6_IRQHandler
                0x080004f8                PVD_IRQHandler
                0x080004f8                SDIO_IRQHandler
                0x080004f8                EXTI3_IRQHandler
                0x080004f8                EXTI0_IRQHandler
                0x080004f8                I2C2_EV_IRQHandler
                0x080004f8                ADC1_2_IRQHandler
                0x080004f8                SPI1_IRQHandler
                0x080004f8                TAMPER_IRQHandler
                0x080004f8                TIM8_UP_IRQHandler
                0x080004f8                DMA2_Channel2_IRQHandler
                0x080004f8                DMA1_Channel4_IRQHandler
                0x080004f8                USART3_IRQHandler
                0x080004f8                RTC_IRQHandler
                0x080004f8                DMA1_Channel7_IRQHandler
                0x080004f8                CAN1_RX1_IRQHandler
                0x080004f8                UART5_IRQHandler
                0x080004f8                ADC3_IRQHandler
                0x080004f8                TIM4_IRQHandler
                0x080004f8                DMA2_Channel1_IRQHandler
                0x080004f8                I2C1_EV_IRQHandler
                0x080004f8                DMA1_Channel6_IRQHandler
                0x080004f8                UART4_IRQHandler
                0x080004f8                TIM3_IRQHandler
                0x080004f8                RCC_IRQHandler
                0x080004f8                TIM1_TRG_COM_IRQHandler
                0x080004f8                DMA1_Channel1_IRQHandler
                0x080004f8                Default_Handler
                0x080004f8                EXTI15_10_IRQHandler
                0x080004f8                TIM7_IRQHandler
                0x080004f8                TIM5_IRQHandler
                0x080004f8                EXTI9_5_IRQHandler
                0x080004f8                SPI2_IRQHandler
                0x080004f8                DMA1_Channel5_IRQHandler
                0x080004f8                EXTI4_IRQHandler
                0x080004f8                USB_LP_CAN1_RX0_IRQHandler
                0x080004f8                USB_HP_CAN1_TX_IRQHandler
                0x080004f8                DMA1_Channel3_IRQHandler
                0x080004f8                FSMC_IRQHandler
                0x080004f8                TIM1_UP_IRQHandler
                0x080004f8                WWDG_IRQHandler
                0x080004f8                TIM2_IRQHandler
                0x080004f8                TIM1_BRK_IRQHandler
                0x080004f8                EXTI1_IRQHandler
                0x080004f8                DMA2_Channel4_5_IRQHandler
                0x080004f8                USART2_IRQHandler
                0x080004f8                I2C2_ER_IRQHandler
                0x080004f8                DMA1_Channel2_IRQHandler
                0x080004f8                TIM8_BRK_IRQHandler
                0x080004f8                CAN1_SCE_IRQHandler
                0x080004f8                FLASH_IRQHandler
                0x080004f8                SPI3_IRQHandler
                0x080004f8                I2C1_ER_IRQHandler
                0x080004f8                USBWakeUp_IRQHandler
                0x080004f8                RTC_Alarm_IRQHandler
 *fill*         0x080004fa        0x2 
 .text.HAL_Init
                0x080004fc       0x2c ./Drivers/STM32F1xx_HAL_Driver/Src/stm32f1xx_hal.o
                0x080004fc                HAL_Init
 .text.HAL_InitTick
                0x08000528       0x60 ./Drivers/STM32F1xx_HAL_Driver/Src/stm32f1xx_hal.o
                0x08000528                HAL_InitTick
 .text.HAL_IncTick
                0x08000588       0x24 ./Drivers/STM32F1xx_HAL_Driver/Src/stm32f1xx_hal.o
                0x08000588                HAL_IncTick
 .text.HAL_GetTick
                0x080005ac       0x14 ./Drivers/STM32F1xx_HAL_Driver/Src/stm32f1xx_hal.o
                0x080005ac                HAL_GetTick
 .text.HAL_Delay
                0x080005c0       0x48 ./Drivers/STM32F1xx_HAL_Driver/Src/stm32f1xx_hal.o
                0x080005c0                HAL_Delay
 .text.__NVIC_SetPriorityGrouping
                0x08000608       0x48 ./Drivers/STM32F1xx_HAL_Driver/Src/stm32f1xx_hal_cortex.o
 .text.__NVIC_GetPriorityGrouping
                0x08000650       0x1c ./Drivers/STM32F1xx_HAL_Driver/Src/stm32f1xx_hal_cortex.o
 .text.__NVIC_EnableIRQ
                0x0800066c       0x38 ./Drivers/STM32F1xx_HAL_Driver/Src/stm32f1xx_hal_cortex.o
 .text.__NVIC_SetPriority
                0x080006a4       0x54 ./Drivers/STM32F1xx_HAL_Driver/Src/stm32f1xx_hal_cortex.o
 .text.NVIC_EncodePriority
                0x080006f8       0x64 ./Drivers/STM32F1xx_HAL_Driver/Src/stm32f1xx_hal_cortex.o
 .text.SysTick_Config
                0x0800075c       0x44 ./Drivers/STM32F1xx_HAL_Driver/Src/stm32f1xx_hal_cortex.o
 .text.HAL_NVIC_SetPriorityGrouping
                0x080007a0       0x16 ./Drivers/STM32F1xx_HAL_Driver/Src/stm32f1xx_hal_cortex.o
                0x080007a0                HAL_NVIC_SetPriorityGrouping
 .text.HAL_NVIC_SetPriority
                0x080007b6       0x38 ./Drivers/STM32F1xx_HAL_Driver/Src/stm32f1xx_hal_cortex.o
                0x080007b6                HAL_NVIC_SetPriority
 .text.HAL_NVIC_EnableIRQ
                0x080007ee       0x1c ./Drivers/STM32F1xx_HAL_Driver/Src/stm32f1xx_hal_cortex.o
                0x080007ee                HAL_NVIC_EnableIRQ
 .text.HAL_SYSTICK_Config
                0x0800080a       0x18 ./Drivers/STM32F1xx_HAL_Driver/Src/stm32f1xx_hal_cortex.o
                0x0800080a                HAL_SYSTICK_Config
 .text.HAL_DMA_Abort
                0x08000822       0x76 ./Drivers/STM32F1xx_HAL_Driver/Src/stm32f1xx_hal_dma.o
                0x08000822                HAL_DMA_Abort
 .text.HAL_DMA_Abort_IT
                0x08000898      0x210 ./Drivers/STM32F1xx_HAL_Driver/Src/stm32f1xx_hal_dma.o
                0x08000898                HAL_DMA_Abort_IT
 .text.HAL_GPIO_Init
                0x08000aa8      0x328 ./Drivers/STM32F1xx_HAL_Driver/Src/stm32f1xx_hal_gpio.o
                0x08000aa8                HAL_GPIO_Init
 .text.HAL_RCC_OscConfig
                0x08000dd0      0x504 ./Drivers/STM32F1xx_HAL_Driver/Src/stm32f1xx_hal_rcc.o
                0x08000dd0                HAL_RCC_OscConfig
 .text.HAL_RCC_ClockConfig
                0x080012d4      0x1d4 ./Drivers/STM32F1xx_HAL_Driver/Src/stm32f1xx_hal_rcc.o
                0x080012d4                HAL_RCC_ClockConfig
 .text.HAL_RCC_GetSysClockFreq
                0x080014a8       0xa8 ./Drivers/STM32F1xx_HAL_Driver/Src/stm32f1xx_hal_rcc.o
                0x080014a8                HAL_RCC_GetSysClockFreq
 .text.HAL_RCC_GetHCLKFreq
                0x08001550       0x14 ./Drivers/STM32F1xx_HAL_Driver/Src/stm32f1xx_hal_rcc.o
                0x08001550                HAL_RCC_GetHCLKFreq
 .text.HAL_RCC_GetPCLK1Freq
                0x08001564       0x28 ./Drivers/STM32F1xx_HAL_Driver/Src/stm32f1xx_hal_rcc.o
                0x08001564                HAL_RCC_GetPCLK1Freq
 .text.HAL_RCC_GetPCLK2Freq
                0x0800158c       0x28 ./Drivers/STM32F1xx_HAL_Driver/Src/stm32f1xx_hal_rcc.o
                0x0800158c                HAL_RCC_GetPCLK2Freq
 .text.RCC_Delay
                0x080015b4       0x3c ./Drivers/STM32F1xx_HAL_Driver/Src/stm32f1xx_hal_rcc.o
 .text.HAL_UART_Init
                0x080015f0       0xa0 ./Drivers/STM32F1xx_HAL_Driver/Src/stm32f1xx_hal_uart.o
                0x080015f0                HAL_UART_Init
 .text.HAL_UART_IRQHandler
                0x08001690      0x524 ./Drivers/STM32F1xx_HAL_Driver/Src/stm32f1xx_hal_uart.o
                0x08001690                HAL_UART_IRQHandler
 .text.HAL_UART_TxCpltCallback
                0x08001bb4       0x12 ./Drivers/STM32F1xx_HAL_Driver/Src/stm32f1xx_hal_uart.o
                0x08001bb4                HAL_UART_TxCpltCallback
 .text.HAL_UART_RxCpltCallback
                0x08001bc6       0x12 ./Drivers/STM32F1xx_HAL_Driver/Src/stm32f1xx_hal_uart.o
                0x08001bc6                HAL_UART_RxCpltCallback
 .text.HAL_UART_ErrorCallback
                0x08001bd8       0x12 ./Drivers/STM32F1xx_HAL_Driver/Src/stm32f1xx_hal_uart.o
                0x08001bd8                HAL_UART_ErrorCallback
 .text.HAL_UARTEx_RxEventCallback
                0x08001bea       0x16 ./Drivers/STM32F1xx_HAL_Driver/Src/stm32f1xx_hal_uart.o
                0x08001bea                HAL_UARTEx_RxEventCallback
 .text.UART_EndRxTransfer
                0x08001c00       0xc4 ./Drivers/STM32F1xx_HAL_Driver/Src/stm32f1xx_hal_uart.o
 .text.UART_DMAAbortOnError
                0x08001cc4       0x28 ./Drivers/STM32F1xx_HAL_Driver/Src/stm32f1xx_hal_uart.o
 .text.UART_Transmit_IT
                0x08001cec       0x9e ./Drivers/STM32F1xx_HAL_Driver/Src/stm32f1xx_hal_uart.o
 .text.UART_EndTransmit_IT
                0x08001d8a       0x30 ./Drivers/STM32F1xx_HAL_Driver/Src/stm32f1xx_hal_uart.o
 .text.UART_Receive_IT
                0x08001dba      0x17c ./Drivers/STM32F1xx_HAL_Driver/Src/stm32f1xx_hal_uart.o
 *fill*         0x08001f36        0x2 
 .text.UART_SetConfig
                0x08001f38      0x11c ./Drivers/STM32F1xx_HAL_Driver/Src/stm32f1xx_hal_uart.o
 .text.memset   0x08002054       0x10 /Applications/STM32CubeIDE.app/Contents/Eclipse/plugins/com.st.stm32cube.ide.mcu.externaltools.gnu-tools-for-stm32.12.3.rel1.macos64_1.0.200.202406191456/tools/bin/../lib/gcc/arm-none-eabi/12.3.1/../../../../arm-none-eabi/lib/thumb/v7-m/nofp/libc_nano.a(libc_a-memset.o)
                0x08002054                memset
 .text.__libc_init_array
                0x08002064       0x48 /Applications/STM32CubeIDE.app/Contents/Eclipse/plugins/com.st.stm32cube.ide.mcu.externaltools.gnu-tools-for-stm32.12.3.rel1.macos64_1.0.200.202406191456/tools/bin/../lib/gcc/arm-none-eabi/12.3.1/../../../../arm-none-eabi/lib/thumb/v7-m/nofp/libc_nano.a(libc_a-init.o)
                0x08002064                __libc_init_array
 *(.glue_7)
 .glue_7        0x080020ac        0x0 linker stubs
 *(.glue_7t)
 .glue_7t       0x080020ac        0x0 linker stubs
 *(.eh_frame)
 .eh_frame      0x080020ac        0x0 /Applications/STM32CubeIDE.app/Contents/Eclipse/plugins/com.st.stm32cube.ide.mcu.externaltools.gnu-tools-for-stm32.12.3.rel1.macos64_1.0.200.202406191456/tools/bin/../lib/gcc/arm-none-eabi/12.3.1/thumb/v7-m/nofp/crtbegin.o
 *(.init)
 .init          0x080020ac        0x4 /Applications/STM32CubeIDE.app/Contents/Eclipse/plugins/com.st.stm32cube.ide.mcu.externaltools.gnu-tools-for-stm32.12.3.rel1.macos64_1.0.200.202406191456/tools/bin/../lib/gcc/arm-none-eabi/12.3.1/thumb/v7-m/nofp/crti.o
                0x080020ac                _init
 .init          0x080020b0        0x8 /Applications/STM32CubeIDE.app/Contents/Eclipse/plugins/com.st.stm32cube.ide.mcu.externaltools.gnu-tools-for-stm32.12.3.rel1.macos64_1.0.200.202406191456/tools/bin/../lib/gcc/arm-none-eabi/12.3.1/thumb/v7-m/nofp/crtn.o
 *(.fini)
 .fini          0x080020b8        0x4 /Applications/STM32CubeIDE.app/Contents/Eclipse/plugins/com.st.stm32cube.ide.mcu.externaltools.gnu-tools-for-stm32.12.3.rel1.macos64_1.0.200.202406191456/tools/bin/../lib/gcc/arm-none-eabi/12.3.1/thumb/v7-m/nofp/crti.o
                0x080020b8                _fini
 .fini          0x080020bc        0x8 /Applications/STM32CubeIDE.app/Contents/Eclipse/plugins/com.st.stm32cube.ide.mcu.externaltools.gnu-tools-for-stm32.12.3.rel1.macos64_1.0.200.202406191456/tools/bin/../lib/gcc/arm-none-eabi/12.3.1/thumb/v7-m/nofp/crtn.o
                0x080020c4                        . = ALIGN (0x4)
                0x080020c4                        _etext = .

.vfp11_veneer   0x080020c4        0x0
 .vfp11_veneer  0x080020c4        0x0 linker stubs

.v4_bx          0x080020c4        0x0
 .v4_bx         0x080020c4        0x0 linker stubs

.iplt           0x080020c4        0x0
 .iplt          0x080020c4        0x0 /Applications/STM32CubeIDE.app/Contents/Eclipse/plugins/com.st.stm32cube.ide.mcu.externaltools.gnu-tools-for-stm32.12.3.rel1.macos64_1.0.200.202406191456/tools/bin/../lib/gcc/arm-none-eabi/12.3.1/thumb/v7-m/nofp/crtbegin.o

.rodata         0x080020c4       0x2c
                0x080020c4                        . = ALIGN (0x4)
 *(.rodata)
 *(.rodata*)
 .rodata.AHBPrescTable
                0x080020c4       0x10 ./Core/Src/system_stm32f1xx.o
                0x080020c4                AHBPrescTable
 .rodata.APBPrescTable
                0x080020d4        0x8 ./Core/Src/system_stm32f1xx.o
                0x080020d4                APBPrescTable
 .rodata.aPLLMULFactorTable.1
                0x080020dc       0x10 ./Drivers/STM32F1xx_HAL_Driver/Src/stm32f1xx_hal_rcc.o
 .rodata.aPredivFactorTable.0
                0x080020ec        0x2 ./Drivers/STM32F1xx_HAL_Driver/Src/stm32f1xx_hal_rcc.o
                0x080020f0                        . = ALIGN (0x4)
 *fill*         0x080020ee        0x2 

.ARM.extab      0x080020f0        0x0
                0x080020f0                        . = ALIGN (0x4)
 *(.ARM.extab* .gnu.linkonce.armextab.*)
                0x080020f0                        . = ALIGN (0x4)

.ARM            0x080020f0        0x0
                0x080020f0                        . = ALIGN (0x4)
                0x080020f0                        __exidx_start = .
 *(.ARM.exidx*)
                0x080020f0                        __exidx_end = .
                0x080020f0                        . = ALIGN (0x4)

.preinit_array  0x080020f0        0x0
                0x080020f0                        . = ALIGN (0x4)
                0x080020f0                        PROVIDE (__preinit_array_start = .)
 *(.preinit_array*)
                0x080020f0                        PROVIDE (__preinit_array_end = .)
                0x080020f0                        . = ALIGN (0x4)

.init_array     0x080020f0        0x4
                0x080020f0                        . = ALIGN (0x4)
                0x080020f0                        PROVIDE (__init_array_start = .)
 *(SORT_BY_NAME(.init_array.*))
 *(.init_array*)
 .init_array    0x080020f0        0x4 /Applications/STM32CubeIDE.app/Contents/Eclipse/plugins/com.st.stm32cube.ide.mcu.externaltools.gnu-tools-for-stm32.12.3.rel1.macos64_1.0.200.202406191456/tools/bin/../lib/gcc/arm-none-eabi/12.3.1/thumb/v7-m/nofp/crtbegin.o
                0x080020f4                        PROVIDE (__init_array_end = .)
                0x080020f4                        . = ALIGN (0x4)

.fini_array     0x080020f4        0x4
                0x080020f4                        . = ALIGN (0x4)
                [!provide]                        PROVIDE (__fini_array_start = .)
 *(SORT_BY_NAME(.fini_array.*))
 *(.fini_array*)
 .fini_array    0x080020f4        0x4 /Applications/STM32CubeIDE.app/Contents/Eclipse/plugins/com.st.stm32cube.ide.mcu.externaltools.gnu-tools-for-stm32.12.3.rel1.macos64_1.0.200.202406191456/tools/bin/../lib/gcc/arm-none-eabi/12.3.1/thumb/v7-m/nofp/crtbegin.o
                [!provide]                        PROVIDE (__fini_array_end = .)
                0x080020f8                        . = ALIGN (0x4)
                0x080020f8                        _sidata = LOADADDR (.data)

.rel.dyn        0x080020f8        0x0
 .rel.iplt      0x080020f8        0x0 /Applications/STM32CubeIDE.app/Contents/Eclipse/plugins/com.st.stm32cube.ide.mcu.externaltools.gnu-tools-for-stm32.12.3.rel1.macos64_1.0.200.202406191456/tools/bin/../lib/gcc/arm-none-eabi/12.3.1/thumb/v7-m/nofp/crtbegin.o

.data           0x20000000        0xc load address 0x080020f8
                0x20000000                        . = ALIGN (0x4)
                0x20000000                        _sdata = .
 *(.data)
 *(.data*)
 .data.SystemCoreClock
                0x20000000        0x4 ./Core/Src/system_stm32f1xx.o
                0x20000000                SystemCoreClock
 .data.uwTickPrio
                0x20000004        0x4 ./Drivers/STM32F1xx_HAL_Driver/Src/stm32f1xx_hal.o
                0x20000004                uwTickPrio
 .data.uwTickFreq
                0x20000008        0x1 ./Drivers/STM32F1xx_HAL_Driver/Src/stm32f1xx_hal.o
                0x20000008                uwTickFreq
 *(.RamFunc)
 *(.RamFunc*)
                0x2000000c                        . = ALIGN (0x4)
 *fill*         0x20000009        0x3 
                0x2000000c                        _edata = .

.igot.plt       0x2000000c        0x0 load address 0x08002104
 .igot.plt      0x2000000c        0x0 /Applications/STM32CubeIDE.app/Contents/Eclipse/plugins/com.st.stm32cube.ide.mcu.externaltools.gnu-tools-for-stm32.12.3.rel1.macos64_1.0.200.202406191456/tools/bin/../lib/gcc/arm-none-eabi/12.3.1/thumb/v7-m/nofp/crtbegin.o
                0x2000000c                        . = ALIGN (0x4)

.bss            0x2000000c       0x68 load address 0x08002104
                0x2000000c                        _sbss = .
                0x2000000c                        __bss_start__ = _sbss
 *(.bss)
 .bss           0x2000000c       0x1c /Applications/STM32CubeIDE.app/Contents/Eclipse/plugins/com.st.stm32cube.ide.mcu.externaltools.gnu-tools-for-stm32.12.3.rel1.macos64_1.0.200.202406191456/tools/bin/../lib/gcc/arm-none-eabi/12.3.1/thumb/v7-m/nofp/crtbegin.o
 *(.bss*)
 .bss.huart1    0x20000028       0x48 ./Core/Src/main.o
                0x20000028                huart1
 .bss.uwTick    0x20000070        0x4 ./Drivers/STM32F1xx_HAL_Driver/Src/stm32f1xx_hal.o
                0x20000070                uwTick
 *(COMMON)
                0x20000074                        . = ALIGN (0x4)
                0x20000074                        _ebss = .
                0x20000074                        __bss_end__ = _ebss

._user_heap_stack
                0x20000074      0x604 load address 0x08002104
                0x20000078                        . = ALIGN (0x8)
 *fill*         0x20000074        0x4 
                [!provide]                        PROVIDE (end = .)
                0x20000078                        PROVIDE (_end = .)
                0x20000278                        . = (. + _Min_Heap_Size)
 *fill*         0x20000078      0x200 
                0x20000678                        . = (. + _Min_Stack_Size)
 *fill*         0x20000278      0x400 
                0x20000678                        . = ALIGN (0x8)

/DISCARD/
 libc.a(*)
 libm.a(*)
 libgcc.a(*)

.ARM.attributes
                0x00000000       0x29
 *(.ARM.attributes)
 .ARM.attributes
                0x00000000       0x1d /Applications/STM32CubeIDE.app/Contents/Eclipse/plugins/com.st.stm32cube.ide.mcu.externaltools.gnu-tools-for-stm32.12.3.rel1.macos64_1.0.200.202406191456/tools/bin/../lib/gcc/arm-none-eabi/12.3.1/thumb/v7-m/nofp/crti.o
 .ARM.attributes
                0x0000001d       0x2d /Applications/STM32CubeIDE.app/Contents/Eclipse/plugins/com.st.stm32cube.ide.mcu.externaltools.gnu-tools-for-stm32.12.3.rel1.macos64_1.0.200.202406191456/tools/bin/../lib/gcc/arm-none-eabi/12.3.1/thumb/v7-m/nofp/crtbegin.o
 .ARM.attributes
                0x0000004a       0x2d ./Core/Src/main.o
 .ARM.attributes
                0x00000077       0x2d ./Core/Src/stm32f1xx_hal_msp.o
 .ARM.attributes
                0x000000a4       0x2d ./Core/Src/stm32f1xx_it.o
 .ARM.attributes
                0x000000d1       0x2d ./Core/Src/system_stm32f1xx.o
 .ARM.attributes
                0x000000fe       0x21 ./Core/Startup/startup_stm32f103rctx.o
 .ARM.attributes
                0x0000011f       0x2d ./Drivers/STM32F1xx_HAL_Driver/Src/stm32f1xx_hal.o
 .ARM.attributes
                0x0000014c       0x2d ./Drivers/STM32F1xx_HAL_Driver/Src/stm32f1xx_hal_cortex.o
 .ARM.attributes
                0x00000179       0x2d ./Drivers/STM32F1xx_HAL_Driver/Src/stm32f1xx_hal_dma.o
 .ARM.attributes
                0x000001a6       0x2d ./Drivers/STM32F1xx_HAL_Driver/Src/stm32f1xx_hal_gpio.o
 .ARM.attributes
                0x000001d3       0x2d ./Drivers/STM32F1xx_HAL_Driver/Src/stm32f1xx_hal_rcc.o
 .ARM.attributes
                0x00000200       0x2d ./Drivers/STM32F1xx_HAL_Driver/Src/stm32f1xx_hal_uart.o
 .ARM.attributes
                0x0000022d       0x2d /Applications/STM32CubeIDE.app/Contents/Eclipse/plugins/com.st.stm32cube.ide.mcu.externaltools.gnu-tools-for-stm32.12.3.rel1.macos64_1.0.200.202406191456/tools/bin/../lib/gcc/arm-none-eabi/12.3.1/../../../../arm-none-eabi/lib/thumb/v7-m/nofp/libc_nano.a(libc_a-memset.o)
 .ARM.attributes
                0x0000025a       0x2d /Applications/STM32CubeIDE.app/Contents/Eclipse/plugins/com.st.stm32cube.ide.mcu.externaltools.gnu-tools-for-stm32.12.3.rel1.macos64_1.0.200.202406191456/tools/bin/../lib/gcc/arm-none-eabi/12.3.1/../../../../arm-none-eabi/lib/thumb/v7-m/nofp/libc_nano.a(libc_a-init.o)
 .ARM.attributes
                0x00000287       0x1d /Applications/STM32CubeIDE.app/Contents/Eclipse/plugins/com.st.stm32cube.ide.mcu.externaltools.gnu-tools-for-stm32.12.3.rel1.macos64_1.0.200.202406191456/tools/bin/../lib/gcc/arm-none-eabi/12.3.1/thumb/v7-m/nofp/crtn.o
OUTPUT(stm32-captive-portal.elf elf32-littlearm)
LOAD linker stubs
LOAD /Applications/STM32CubeIDE.app/Contents/Eclipse/plugins/com.st.stm32cube.ide.mcu.externaltools.gnu-tools-for-stm32.12.3.rel1.macos64_1.0.200.202406191456/tools/bin/../lib/gcc/arm-none-eabi/12.3.1/../../../../arm-none-eabi/lib/thumb/v7-m/nofp/libc.a
LOAD /Applications/STM32CubeIDE.app/Contents/Eclipse/plugins/com.st.stm32cube.ide.mcu.externaltools.gnu-tools-for-stm32.12.3.rel1.macos64_1.0.200.202406191456/tools/bin/../lib/gcc/arm-none-eabi/12.3.1/../../../../arm-none-eabi/lib/thumb/v7-m/nofp/libm.a
LOAD /Applications/STM32CubeIDE.app/Contents/Eclipse/plugins/com.st.stm32cube.ide.mcu.externaltools.gnu-tools-for-stm32.12.3.rel1.macos64_1.0.200.202406191456/tools/bin/../lib/gcc/arm-none-eabi/12.3.1/thumb/v7-m/nofp/libgcc.a

.debug_info     0x00000000     0x7b0c
 .debug_info    0x00000000      0x765 ./Core/Src/main.o
 .debug_info    0x00000765     0x1512 ./Core/Src/stm32f1xx_hal_msp.o
 .debug_info    0x00001c77      0x5f2 ./Core/Src/stm32f1xx_it.o
 .debug_info    0x00002269      0x222 ./Core/Src/system_stm32f1xx.o
 .debug_info    0x0000248b       0x30 ./Core/Startup/startup_stm32f103rctx.o
 .debug_info    0x000024bb      0x76a ./Drivers/STM32F1xx_HAL_Driver/Src/stm32f1xx_hal.o
 .debug_info    0x00002c25      0xaed ./Drivers/STM32F1xx_HAL_Driver/Src/stm32f1xx_hal_cortex.o
 .debug_info    0x00003712      0x6d2 ./Drivers/STM32F1xx_HAL_Driver/Src/stm32f1xx_hal_dma.o
 .debug_info    0x00003de4      0x5ab ./Drivers/STM32F1xx_HAL_Driver/Src/stm32f1xx_hal_gpio.o
 .debug_info    0x0000438f      0x7d5 ./Drivers/STM32F1xx_HAL_Driver/Src/stm32f1xx_hal_rcc.o
 .debug_info    0x00004b64     0x2fa8 ./Drivers/STM32F1xx_HAL_Driver/Src/stm32f1xx_hal_uart.o

.debug_abbrev   0x00000000     0x1594
 .debug_abbrev  0x00000000      0x1f1 ./Core/Src/main.o
 .debug_abbrev  0x000001f1      0x251 ./Core/Src/stm32f1xx_hal_msp.o
 .debug_abbrev  0x00000442      0x176 ./Core/Src/stm32f1xx_it.o
 .debug_abbrev  0x000005b8      0x13f ./Core/Src/system_stm32f1xx.o
 .debug_abbrev  0x000006f7       0x24 ./Core/Startup/startup_stm32f103rctx.o
 .debug_abbrev  0x0000071b      0x201 ./Drivers/STM32F1xx_HAL_Driver/Src/stm32f1xx_hal.o
 .debug_abbrev  0x0000091c      0x2f8 ./Drivers/STM32F1xx_HAL_Driver/Src/stm32f1xx_hal_cortex.o
 .debug_abbrev  0x00000c14      0x20b ./Drivers/STM32F1xx_HAL_Driver/Src/stm32f1xx_hal_dma.o
 .debug_abbrev  0x00000e1f      0x1ca ./Drivers/STM32F1xx_HAL_Driver/Src/stm32f1xx_hal_gpio.o
 .debug_abbrev  0x00000fe9      0x2b3 ./Drivers/STM32F1xx_HAL_Driver/Src/stm32f1xx_hal_rcc.o
 .debug_abbrev  0x0000129c      0x2f8 ./Drivers/STM32F1xx_HAL_Driver/Src/stm32f1xx_hal_uart.o

.debug_aranges  0x00000000      0x6a0
 .debug_aranges
                0x00000000       0x38 ./Core/Src/main.o
 .debug_aranges
                0x00000038       0x60 ./Core/Src/stm32f1xx_hal_msp.o
 .debug_aranges
                0x00000098       0x68 ./Core/Src/stm32f1xx_it.o
 .debug_aranges
                0x00000100       0x28 ./Core/Src/system_stm32f1xx.o
 .debug_aranges
                0x00000128       0x28 ./Core/Startup/startup_stm32f103rctx.o
 .debug_aranges
                0x00000150       0xe0 ./Drivers/STM32F1xx_HAL_Driver/Src/stm32f1xx_hal.o
 .debug_aranges
                0x00000230      0x100 ./Drivers/STM32F1xx_HAL_Driver/Src/stm32f1xx_hal_cortex.o
 .debug_aranges
                0x00000330       0x80 ./Drivers/STM32F1xx_HAL_Driver/Src/stm32f1xx_hal_dma.o
 .debug_aranges
                0x000003b0       0x58 ./Drivers/STM32F1xx_HAL_Driver/Src/stm32f1xx_hal_gpio.o
 .debug_aranges
                0x00000408       0x90 ./Drivers/STM32F1xx_HAL_Driver/Src/stm32f1xx_hal_rcc.o
 .debug_aranges
                0x00000498      0x208 ./Drivers/STM32F1xx_HAL_Driver/Src/stm32f1xx_hal_uart.o

.debug_rnglists
                0x00000000      0x510
 .debug_rnglists
                0x00000000       0x26 ./Core/Src/main.o
 .debug_rnglists
                0x00000026       0x45 ./Core/Src/stm32f1xx_hal_msp.o
 .debug_rnglists
                0x0000006b       0x49 ./Core/Src/stm32f1xx_it.o
 .debug_rnglists
                0x000000b4       0x1a ./Core/Src/system_stm32f1xx.o
 .debug_rnglists
                0x000000ce       0x19 ./Core/Startup/startup_stm32f103rctx.o
 .debug_rnglists
                0x000000e7       0xa3 ./Drivers/STM32F1xx_HAL_Driver/Src/stm32f1xx_hal.o
 .debug_rnglists
                0x0000018a       0xbb ./Drivers/STM32F1xx_HAL_Driver/Src/stm32f1xx_hal_cortex.o
 .debug_rnglists
                0x00000245       0x64 ./Drivers/STM32F1xx_HAL_Driver/Src/stm32f1xx_hal_dma.o
 .debug_rnglists
                0x000002a9       0x3f ./Drivers/STM32F1xx_HAL_Driver/Src/stm32f1xx_hal_gpio.o
 .debug_rnglists
                0x000002e8       0x6c ./Drivers/STM32F1xx_HAL_Driver/Src/stm32f1xx_hal_rcc.o
 .debug_rnglists
                0x00000354      0x1bc ./Drivers/STM32F1xx_HAL_Driver/Src/stm32f1xx_hal_uart.o

.debug_macro    0x00000000    0x19eae
 .debug_macro   0x00000000      0x318 ./Core/Src/main.o
 .debug_macro   0x00000318      0xaa8 ./Core/Src/main.o
 .debug_macro   0x00000dc0      0x227 ./Core/Src/main.o
 .debug_macro   0x00000fe7       0x2e ./Core/Src/main.o
 .debug_macro   0x00001015       0x22 ./Core/Src/main.o
 .debug_macro   0x00001037       0x22 ./Core/Src/main.o
 .debug_macro   0x00001059       0x8e ./Core/Src/main.o
 .debug_macro   0x000010e7       0x51 ./Core/Src/main.o
 .debug_macro   0x00001138      0x103 ./Core/Src/main.o
 .debug_macro   0x0000123b       0x6a ./Core/Src/main.o
 .debug_macro   0x000012a5      0x1df ./Core/Src/main.o
 .debug_macro   0x00001484       0x1c ./Core/Src/main.o
 .debug_macro   0x000014a0       0x22 ./Core/Src/main.o
 .debug_macro   0x000014c2       0xbd ./Core/Src/main.o
 .debug_macro   0x0000157f      0xd23 ./Core/Src/main.o
 .debug_macro   0x000022a2     0xfd8c ./Core/Src/main.o
 .debug_macro   0x0001202e       0x6d ./Core/Src/main.o
 .debug_macro   0x0001209b     0x348d ./Core/Src/main.o
 .debug_macro   0x00015528      0x189 ./Core/Src/main.o
 .debug_macro   0x000156b1       0x5c ./Core/Src/main.o
 .debug_macro   0x0001570d      0x5bc ./Core/Src/main.o
 .debug_macro   0x00015cc9      0x4d5 ./Core/Src/main.o
 .debug_macro   0x0001619e      0x1cb ./Core/Src/main.o
 .debug_macro   0x00016369      0x114 ./Core/Src/main.o
 .debug_macro   0x0001647d      0x1ea ./Core/Src/main.o
 .debug_macro   0x00016667       0x27 ./Core/Src/main.o
 .debug_macro   0x0001668e      0x144 ./Core/Src/main.o
 .debug_macro   0x000167d2      0x1bc ./Core/Src/main.o
 .debug_macro   0x0001698e       0x30 ./Core/Src/main.o
 .debug_macro   0x000169be       0x3c ./Core/Src/main.o
 .debug_macro   0x000169fa      0x408 ./Core/Src/main.o
 .debug_macro   0x00016e02       0x57 ./Core/Src/main.o
 .debug_macro   0x00016e59       0x87 ./Core/Src/main.o
 .debug_macro   0x00016ee0      0x24f ./Core/Src/main.o
 .debug_macro   0x0001712f      0x287 ./Core/Src/main.o
 .debug_macro   0x000173b6      0x140 ./Core/Src/main.o
 .debug_macro   0x000174f6      0x8ed ./Core/Src/main.o
 .debug_macro   0x00017de3      0x28e ./Core/Src/main.o
 .debug_macro   0x00018071       0xb5 ./Core/Src/main.o
 .debug_macro   0x00018126       0x61 ./Core/Src/main.o
 .debug_macro   0x00018187       0x24 ./Core/Src/main.o
 .debug_macro   0x000181ab       0x43 ./Core/Src/main.o
 .debug_macro   0x000181ee       0x34 ./Core/Src/main.o
 .debug_macro   0x00018222       0x16 ./Core/Src/main.o
 .debug_macro   0x00018238       0x43 ./Core/Src/main.o
 .debug_macro   0x0001827b       0x34 ./Core/Src/main.o
 .debug_macro   0x000182af       0x10 ./Core/Src/main.o
 .debug_macro   0x000182bf       0x58 ./Core/Src/main.o
 .debug_macro   0x00018317       0x8e ./Core/Src/main.o
 .debug_macro   0x000183a5       0x1c ./Core/Src/main.o
 .debug_macro   0x000183c1      0x177 ./Core/Src/main.o
 .debug_macro   0x00018538      0x369 ./Core/Src/main.o
 .debug_macro   0x000188a1       0x10 ./Core/Src/main.o
 .debug_macro   0x000188b1       0x35 ./Core/Src/main.o
 .debug_macro   0x000188e6       0x20 ./Core/Src/main.o
 .debug_macro   0x00018906       0x1c ./Core/Src/main.o
 .debug_macro   0x00018922       0x10 ./Core/Src/main.o
 .debug_macro   0x00018932       0x1c ./Core/Src/main.o
 .debug_macro   0x0001894e       0x16 ./Core/Src/main.o
 .debug_macro   0x00018964      0x146 ./Core/Src/main.o
 .debug_macro   0x00018aaa       0x16 ./Core/Src/main.o
 .debug_macro   0x00018ac0       0x16 ./Core/Src/main.o
 .debug_macro   0x00018ad6       0x29 ./Core/Src/main.o
 .debug_macro   0x00018aff       0x22 ./Core/Src/main.o
 .debug_macro   0x00018b21       0x4c ./Core/Src/main.o
 .debug_macro   0x00018b6d       0xa6 ./Core/Src/main.o
 .debug_macro   0x00018c13      0x2f7 ./Core/Src/stm32f1xx_hal_msp.o
 .debug_macro   0x00018f0a      0x301 ./Core/Src/stm32f1xx_it.o
 .debug_macro   0x0001920b      0x1b7 ./Core/Src/system_stm32f1xx.o
 .debug_macro   0x000193c2      0x1db ./Drivers/STM32F1xx_HAL_Driver/Src/stm32f1xx_hal.o
 .debug_macro   0x0001959d      0x1b7 ./Drivers/STM32F1xx_HAL_Driver/Src/stm32f1xx_hal_cortex.o
 .debug_macro   0x00019754      0x1b7 ./Drivers/STM32F1xx_HAL_Driver/Src/stm32f1xx_hal_dma.o
 .debug_macro   0x0001990b      0x222 ./Drivers/STM32F1xx_HAL_Driver/Src/stm32f1xx_hal_gpio.o
 .debug_macro   0x00019b2d      0x1c9 ./Drivers/STM32F1xx_HAL_Driver/Src/stm32f1xx_hal_rcc.o
 .debug_macro   0x00019cf6      0x1b8 ./Drivers/STM32F1xx_HAL_Driver/Src/stm32f1xx_hal_uart.o

.debug_line     0x00000000     0x8bb1
 .debug_line    0x00000000      0x923 ./Core/Src/main.o
 .debug_line    0x00000923      0x9a4 ./Core/Src/stm32f1xx_hal_msp.o
 .debug_line    0x000012c7      0x94f ./Core/Src/stm32f1xx_it.o
 .debug_line    0x00001c16      0x746 ./Core/Src/system_stm32f1xx.o
 .debug_line    0x0000235c       0x79 ./Core/Startup/startup_stm32f103rctx.o
 .debug_line    0x000023d5      0x973 ./Drivers/STM32F1xx_HAL_Driver/Src/stm32f1xx_hal.o
 .debug_line    0x00002d48      0xb5f ./Drivers/STM32F1xx_HAL_Driver/Src/stm32f1xx_hal_cortex.o
 .debug_line    0x000038a7     0x129e ./Drivers/STM32F1xx_HAL_Driver/Src/stm32f1xx_hal_dma.o
 .debug_line    0x00004b45      0xa34 ./Drivers/STM32F1xx_HAL_Driver/Src/stm32f1xx_hal_gpio.o
 .debug_line    0x00005579      0xd7c ./Drivers/STM32F1xx_HAL_Driver/Src/stm32f1xx_hal_rcc.o
 .debug_line    0x000062f5     0x28bc ./Drivers/STM32F1xx_HAL_Driver/Src/stm32f1xx_hal_uart.o

.debug_str      0x00000000    0x9b370
 .debug_str     0x00000000    0x9924f ./Core/Src/main.o
                              0x996de (size before relaxing)
 .debug_str     0x0009924f      0xbf6 ./Core/Src/stm32f1xx_hal_msp.o
                              0x99d11 (size before relaxing)
 .debug_str     0x00099e45       0xef ./Core/Src/stm32f1xx_it.o
                              0x990a8 (size before relaxing)
 .debug_str     0x00099f34       0x7e ./Core/Src/system_stm32f1xx.o
                              0x95441 (size before relaxing)
 .debug_str     0x00099fb2       0x44 ./Core/Startup/startup_stm32f103rctx.o
                                 0x8f (size before relaxing)
 .debug_str     0x00099ff6      0x384 ./Drivers/STM32F1xx_HAL_Driver/Src/stm32f1xx_hal.o
                              0x95c58 (size before relaxing)
 .debug_str     0x0009a37a      0x26c ./Drivers/STM32F1xx_HAL_Driver/Src/stm32f1xx_hal_cortex.o
                              0x95ba4 (size before relaxing)
 .debug_str     0x0009a5e6      0x235 ./Drivers/STM32F1xx_HAL_Driver/Src/stm32f1xx_hal_dma.o
                              0x957ea (size before relaxing)
 .debug_str     0x0009a81b      0x31d ./Drivers/STM32F1xx_HAL_Driver/Src/stm32f1xx_hal_gpio.o
                              0x957c7 (size before relaxing)
 .debug_str     0x0009ab38      0x229 ./Drivers/STM32F1xx_HAL_Driver/Src/stm32f1xx_hal_rcc.o
                              0x95870 (size before relaxing)
 .debug_str     0x0009ad61      0x60f ./Drivers/STM32F1xx_HAL_Driver/Src/stm32f1xx_hal_uart.o
                              0x95ee1 (size before relaxing)

.comment        0x00000000       0x43
 .comment       0x00000000       0x43 ./Core/Src/main.o
                                 0x44 (size before relaxing)
 .comment       0x00000043       0x44 ./Core/Src/stm32f1xx_hal_msp.o
 .comment       0x00000043       0x44 ./Core/Src/stm32f1xx_it.o
 .comment       0x00000043       0x44 ./Core/Src/system_stm32f1xx.o
 .comment       0x00000043       0x44 ./Drivers/STM32F1xx_HAL_Driver/Src/stm32f1xx_hal.o
 .comment       0x00000043       0x44 ./Drivers/STM32F1xx_HAL_Driver/Src/stm32f1xx_hal_cortex.o
 .comment       0x00000043       0x44 ./Drivers/STM32F1xx_HAL_Driver/Src/stm32f1xx_hal_dma.o
 .comment       0x00000043       0x44 ./Drivers/STM32F1xx_HAL_Driver/Src/stm32f1xx_hal_gpio.o
 .comment       0x00000043       0x44 ./Drivers/STM32F1xx_HAL_Driver/Src/stm32f1xx_hal_rcc.o
 .comment       0x00000043       0x44 ./Drivers/STM32F1xx_HAL_Driver/Src/stm32f1xx_hal_uart.o

.debug_frame    0x00000000     0x19b8
 .debug_frame   0x00000000       0x8c ./Core/Src/main.o
 .debug_frame   0x0000008c      0x158 ./Core/Src/stm32f1xx_hal_msp.o
 .debug_frame   0x000001e4      0x120 ./Core/Src/stm32f1xx_it.o
 .debug_frame   0x00000304       0x58 ./Core/Src/system_stm32f1xx.o
 .debug_frame   0x0000035c      0x334 ./Drivers/STM32F1xx_HAL_Driver/Src/stm32f1xx_hal.o
 .debug_frame   0x00000690      0x428 ./Drivers/STM32F1xx_HAL_Driver/Src/stm32f1xx_hal_cortex.o
 .debug_frame   0x00000ab8      0x20c ./Drivers/STM32F1xx_HAL_Driver/Src/stm32f1xx_hal_dma.o
 .debug_frame   0x00000cc4      0x14c ./Drivers/STM32F1xx_HAL_Driver/Src/stm32f1xx_hal_gpio.o
 .debug_frame   0x00000e10      0x218 ./Drivers/STM32F1xx_HAL_Driver/Src/stm32f1xx_hal_rcc.o
 .debug_frame   0x00001028      0x944 ./Drivers/STM32F1xx_HAL_Driver/Src/stm32f1xx_hal_uart.o
 .debug_frame   0x0000196c       0x20 /Applications/STM32CubeIDE.app/Contents/Eclipse/plugins/com.st.stm32cube.ide.mcu.externaltools.gnu-tools-for-stm32.12.3.rel1.macos64_1.0.200.202406191456/tools/bin/../lib/gcc/arm-none-eabi/12.3.1/../../../../arm-none-eabi/lib/thumb/v7-m/nofp/libc_nano.a(libc_a-memset.o)
 .debug_frame   0x0000198c       0x2c /Applications/STM32CubeIDE.app/Contents/Eclipse/plugins/com.st.stm32cube.ide.mcu.externaltools.gnu-tools-for-stm32.12.3.rel1.macos64_1.0.200.202406191456/tools/bin/../lib/gcc/arm-none-eabi/12.3.1/../../../../arm-none-eabi/lib/thumb/v7-m/nofp/libc_nano.a(libc_a-init.o)

.debug_line_str
                0x00000000       0x73
 .debug_line_str
                0x00000000       0x73 ./Core/Startup/startup_stm32f103rctx.o
