../Core/Src/ESPDriver.c:16:6:Wifi_RxClear	8	static
../Core/Src/ESPDriver.c:21:5:Wifi_SendString	16	static
../Core/Src/ESPDriver.c:26:5:Wifi_WaitForString	44	static
../Core/Src/ESPDriver.c:45:6:Wifi_RxCallBack	24	static
../Core/Src/ESPDriver.c:56:6:Wifi_ProcessReceivedData	16	static
../Core/Src/ESPDriver.c:60:5:Wifi_Init	16	static
../Core/Src/ESPDriver.c:65:6:Wifi_Enable	8	static
../Core/Src/ESPDriver.c:69:6:Wifi_Disable	8	static
../Core/Src/ESPDriver.c:73:5:Wifi_Restart	16	static
../Core/Src/ESPDriver.c:78:5:Wifi_DeepSleep	48	static
../Core/Src/ESPDriver.c:85:5:Wifi_FactoryReset	16	static
../Core/Src/ESPDriver.c:89:5:Wifi_Update	16	static
../Core/Src/ESPDriver.c:93:5:Wifi_SetRfPower	48	static
../Core/Src/ESPDriver.c:101:5:Wifi_SetMode	48	static
../Core/Src/ESPDriver.c:108:5:Wifi_GetMode	16	static
../Core/Src/ESPDriver.c:112:5:Wifi_GetMyIp	16	static
../Core/Src/ESPDriver.c:117:5:Wifi_Station_ConnectToAp	152	static
../Core/Src/ESPDriver.c:124:5:Wifi_Station_Disconnect	16	static
../Core/Src/ESPDriver.c:128:5:Wifi_Station_DhcpEnable	48	static
../Core/Src/ESPDriver.c:135:5:Wifi_Station_DhcpIsEnable	16	static
../Core/Src/ESPDriver.c:139:5:Wifi_Station_SetIp	160	static
../Core/Src/ESPDriver.c:147:5:Wifi_SoftAp_Create	176	static
../Core/Src/ESPDriver.c:156:5:Wifi_GetApConnection	16	static
../Core/Src/ESPDriver.c:160:5:Wifi_SoftAp_GetConnectedDevices	16	static
../Core/Src/ESPDriver.c:165:5:Wifi_TcpIp_GetConnectionStatus	16	static
../Core/Src/ESPDriver.c:169:5:Wifi_TcpIp_Ping	144	static
../Core/Src/ESPDriver.c:176:5:Wifi_TcpIp_SetMultiConnection	48	static
../Core/Src/ESPDriver.c:183:5:Wifi_TcpIp_GetMultiConnection	16	static
../Core/Src/ESPDriver.c:187:5:Wifi_TcpIp_StartTcpConnection	160	static
../Core/Src/ESPDriver.c:194:5:Wifi_TcpIp_StartUdpConnection	160	static
../Core/Src/ESPDriver.c:201:5:Wifi_TcpIp_Close	48	static
../Core/Src/ESPDriver.c:208:5:Wifi_TcpIp_SetEnableTcpServer	48	static
../Core/Src/ESPDriver.c:215:5:Wifi_TcpIp_SetDisableTcpServer	48	static
../Core/Src/ESPDriver.c:222:5:Wifi_TcpIp_SendDataUdp	56	static
../Core/Src/ESPDriver.c:231:5:Wifi_TcpIp_SendDataTcp	56	static
