../Core/Src/ESPDriver.c:17:6:Wifi_RxClear	8	static
../Core/Src/ESPDriver.c:22:5:Wifi_SendString	16	static
../Core/Src/ESPDriver.c:27:5:Wifi_WaitForString	44	static
../Core/Src/ESPDriver.c:46:6:Wifi_RxCallBack	24	static
../Core/Src/ESPDriver.c:56:6:Wifi_ProcessReceivedData	16	static
../Core/Src/ESPDriver.c:62:5:Wifi_Init	16	static
../Core/Src/ESPDriver.c:67:6:Wifi_Enable	4	static
../Core/Src/ESPDriver.c:71:6:Wifi_Disable	4	static
../Core/Src/ESPDriver.c:75:5:Wifi_Restart	16	static
../Core/Src/ESPDriver.c:80:5:Wifi_DeepSleep	48	static
../Core/Src/ESPDriver.c:86:5:Wifi_FactoryReset	16	static
../Core/Src/ESPDriver.c:90:5:Wifi_Update	16	static
../Core/Src/ESPDriver.c:94:5:Wifi_SetRfPower	48	static
../Core/Src/ESPDriver.c:101:5:Wifi_SetMode	48	static
../Core/Src/ESPDriver.c:107:5:Wifi_GetMode	16	static
../Core/Src/ESPDriver.c:111:5:Wifi_GetMyIp	16	static
../Core/Src/ESPDriver.c:116:5:Wifi_Station_ConnectToAp	152	static
../Core/Src/ESPDriver.c:122:5:Wifi_Station_Disconnect	16	static
../Core/Src/ESPDriver.c:126:5:Wifi_Station_DhcpEnable	48	static
../Core/Src/ESPDriver.c:132:5:Wifi_Station_DhcpIsEnable	16	static
../Core/Src/ESPDriver.c:136:5:Wifi_Station_SetIp	160	static
../Core/Src/ESPDriver.c:143:5:Wifi_SoftAp_Create	176	static
../Core/Src/ESPDriver.c:150:5:Wifi_GetApConnection	16	static
../Core/Src/ESPDriver.c:154:5:Wifi_SoftAp_GetConnectedDevices	16	static
../Core/Src/ESPDriver.c:159:5:Wifi_TcpIp_GetConnectionStatus	16	static
../Core/Src/ESPDriver.c:163:5:Wifi_TcpIp_Ping	144	static
../Core/Src/ESPDriver.c:169:5:Wifi_TcpIp_SetMultiConnection	48	static
../Core/Src/ESPDriver.c:175:5:Wifi_TcpIp_GetMultiConnection	16	static
../Core/Src/ESPDriver.c:179:5:Wifi_TcpIp_StartTcpConnection	160	static
../Core/Src/ESPDriver.c:185:5:Wifi_TcpIp_StartUdpConnection	160	static
../Core/Src/ESPDriver.c:191:5:Wifi_TcpIp_Close	48	static
../Core/Src/ESPDriver.c:197:5:Wifi_TcpIp_SetEnableTcpServer	48	static
../Core/Src/ESPDriver.c:203:5:Wifi_TcpIp_SetDisableTcpServer	48	static
../Core/Src/ESPDriver.c:209:5:Wifi_TcpIp_SendDataUdp	56	static
../Core/Src/ESPDriver.c:216:5:Wifi_TcpIp_SendDataTcp	56	static
